[["validated_base_seed0", "complete", 32], ["validated_base_seed1", "complete", 32], ["validated_base_seed2", "incomplete", 12], ["validated_long_seed0", "incomplete", 29], ["validated_long_seed1", "incomplete", 14], ["validated_long_seed2", "incomplete", 1]]
[["validated_base_seed0", "complete", 32], ["validated_base_seed1", "complete", 32], ["validated_base_seed2", "incomplete", 12], ["validated_long_seed0", "incomplete", 29], ["validated_long_seed1", "incomplete", 15], ["validated_long_seed2", "incomplete", 2]]
[["validated_base_seed0", "complete", 32], ["validated_base_seed1", "complete", 32], ["validated_base_seed2", "incomplete", 12], ["validated_long_seed0", "incomplete", 30], ["validated_long_seed1", "incomplete", 15], ["validated_long_seed2", "incomplete", 2]]
[["validated_base_seed0", "complete", 32], ["validated_base_seed1", "complete", 32], ["validated_base_seed2", "incomplete", 13], ["validated_long_seed0", "incomplete", 30], ["validated_long_seed1", "incomplete", 15], ["validated_long_seed2", "incomplete", 2]]
[["validated_base_seed0", "complete", 32], ["validated_base_seed1", "complete", 32], ["validated_base_seed2", "incomplete", 13], ["validated_long_seed0", "incomplete", 30], ["validated_long_seed1", "incomplete", 15], ["validated_long_seed2", "incomplete", 2]]
[["validated_base_seed0", "complete", 32], ["validated_base_seed1", "complete", 32], ["validated_base_seed2", "incomplete", 13], ["validated_long_seed0", "incomplete", 30], ["validated_long_seed1", "incomplete", 15], ["validated_long_seed2", "incomplete", 3]]
[["validated_base_seed0", "complete", 32], ["validated_base_seed1", "complete", 32], ["validated_base_seed2", "incomplete", 13], ["validated_long_seed0", "incomplete", 30], ["validated_long_seed1", "incomplete", 16], ["validated_long_seed2", "incomplete", 3]]
[["validated_base_seed0", "complete", 32], ["validated_base_seed1", "complete", 32], ["validated_base_seed2", "incomplete", 14], ["validated_long_seed0", "incomplete", 30], ["validated_long_seed1", "incomplete", 16], ["validated_long_seed2", "incomplete", 3]]
[["validated_base_seed0", "complete", 32], ["validated_base_seed1", "complete", 32], ["validated_base_seed2", "incomplete", 14], ["validated_long_seed0", "incomplete", 31], ["validated_long_seed1", "incomplete", 17], ["validated_long_seed2", "incomplete", 3]]
[["validated_base_seed0", "complete", 32], ["validated_base_seed1", "complete", 32], ["validated_base_seed2", "incomplete", 14], ["validated_long_seed0", "incomplete", 31], ["validated_long_seed1", "incomplete", 17], ["validated_long_seed2", "incomplete", 4]]
[["validated_base_seed0", "complete", 32], ["validated_base_seed1", "complete", 32], ["validated_base_seed2", "incomplete", 15], ["validated_long_seed0", "incomplete", 31], ["validated_long_seed1", "incomplete", 17], ["validated_long_seed2", "incomplete", 4]]
[["validated_base_seed0", "complete", 32], ["validated_base_seed1", "complete", 32], ["validated_base_seed2", "incomplete", 15], ["validated_long_seed0", "incomplete", 31], ["validated_long_seed1", "incomplete", 18], ["validated_long_seed2", "incomplete", 5]]
[["validated_base_seed0", "complete", 32], ["validated_base_seed1", "complete", 32], ["validated_base_seed2", "incomplete", 16], ["validated_long_seed0", "incomplete", 31], ["validated_long_seed1", "incomplete", 18], ["validated_long_seed2", "incomplete", 5]]
[["validated_base_seed0", "complete", 32], ["validated_base_seed1", "complete", 32], ["validated_base_seed2", "incomplete", 16], ["validated_long_seed0", "complete", 32], ["validated_long_seed1", "incomplete", 18], ["validated_long_seed2", "incomplete", 5]]
[["validated_base_seed0", "complete", 32], ["validated_base_seed1", "complete", 32], ["validated_base_seed2", "incomplete", 16], ["validated_long_seed0", "complete", 32], ["validated_long_seed1", "incomplete", 19], ["validated_long_seed2", "incomplete", 6]]
[["validated_base_seed0", "complete", 32], ["validated_base_seed1", "complete", 32], ["validated_base_seed2", "incomplete", 17], ["validated_long_seed0", "complete", 32], ["validated_long_seed1", "incomplete", 19], ["validated_long_seed2", "incomplete", 6]]
[["validated_base_seed0", "complete", 32], ["validated_base_seed1", "complete", 32], ["validated_base_seed2", "incomplete", 17], ["validated_long_seed0", "complete", 32], ["validated_long_seed1", "incomplete", 20], ["validated_long_seed2", "incomplete", 7]]
[["validated_base_seed0", "complete", 32], ["validated_base_seed1", "complete", 32], ["validated_base_seed2", "incomplete", 18], ["validated_long_seed0", "complete", 32], ["validated_long_seed1", "incomplete", 20], ["validated_long_seed2", "incomplete", 7]]
[["validated_base_seed0", "complete", 32], ["validated_base_seed1", "complete", 32], ["validated_base_seed2", "incomplete", 18], ["validated_long_seed0", "complete", 32], ["validated_long_seed1", "incomplete", 21], ["validated_long_seed2", "incomplete", 8]]
[["validated_base_seed0", "complete", 32], ["validated_base_seed1", "complete", 32], ["validated_base_seed2", "incomplete", 19], ["validated_long_seed0", "complete", 32], ["validated_long_seed1", "incomplete", 21], ["validated_long_seed2", "incomplete", 8]]
[["validated_base_seed0", "complete", 32], ["validated_base_seed1", "complete", 32], ["validated_base_seed2", "incomplete", 19], ["validated_long_seed0", "complete", 32], ["validated_long_seed1", "incomplete", 22], ["validated_long_seed2", "incomplete", 9]]
[["validated_base_seed0", "complete", 32], ["validated_base_seed1", "complete", 32], ["validated_base_seed2", "incomplete", 20], ["validated_long_seed0", "complete", 32], ["validated_long_seed1", "incomplete", 22], ["validated_long_seed2", "incomplete", 9]]
[["validated_base_seed0", "complete", 32], ["validated_base_seed1", "complete", 32], ["validated_base_seed2", "incomplete", 20], ["validated_long_seed0", "complete", 32], ["validated_long_seed1", "incomplete", 23], ["validated_long_seed2", "incomplete", 10]]
[["validated_base_seed0", "complete", 32], ["validated_base_seed1", "complete", 32], ["validated_base_seed2", "incomplete", 21], ["validated_long_seed0", "complete", 32], ["validated_long_seed1", "incomplete", 23], ["validated_long_seed2", "incomplete", 10]]
[["validated_base_seed0", "complete", 32], ["validated_base_seed1", "complete", 32], ["validated_base_seed2", "incomplete", 21], ["validated_long_seed0", "complete", 32], ["validated_long_seed1", "incomplete", 23], ["validated_long_seed2", "incomplete", 11]]
[["validated_base_seed0", "complete", 32], ["validated_base_seed1", "complete", 32], ["validated_base_seed2", "incomplete", 21], ["validated_long_seed0", "complete", 32], ["validated_long_seed1", "incomplete", 24], ["validated_long_seed2", "incomplete", 11]]
[["validated_base_seed0", "complete", 32], ["validated_base_seed1", "complete", 32], ["validated_base_seed2", "incomplete", 22], ["validated_long_seed0", "complete", 32], ["validated_long_seed1", "incomplete", 24], ["validated_long_seed2", "incomplete", 11]]
[["validated_base_seed0", "complete", 32], ["validated_base_seed1", "complete", 32], ["validated_base_seed2", "incomplete", 22], ["validated_long_seed0", "complete", 32], ["validated_long_seed1", "incomplete", 24], ["validated_long_seed2", "incomplete", 12]]
[["validated_base_seed0", "complete", 32], ["validated_base_seed1", "complete", 32], ["validated_base_seed2", "incomplete", 22], ["validated_long_seed0", "complete", 32], ["validated_long_seed1", "incomplete", 25], ["validated_long_seed2", "incomplete", 12]]
[["validated_base_seed0", "complete", 32], ["validated_base_seed1", "complete", 32], ["validated_base_seed2", "incomplete", 23], ["validated_long_seed0", "complete", 32], ["validated_long_seed1", "incomplete", 25], ["validated_long_seed2", "incomplete", 12]]
[["validated_base_seed0", "complete", 32], ["validated_base_seed1", "complete", 32], ["validated_base_seed2", "incomplete", 23], ["validated_long_seed0", "complete", 32], ["validated_long_seed1", "incomplete", 25], ["validated_long_seed2", "incomplete", 13]]
[["validated_base_seed0", "complete", 32], ["validated_base_seed1", "complete", 32], ["validated_base_seed2", "incomplete", 23], ["validated_long_seed0", "complete", 32], ["validated_long_seed1", "incomplete", 26], ["validated_long_seed2", "incomplete", 13]]
[["validated_base_seed0", "complete", 32], ["validated_base_seed1", "complete", 32], ["validated_base_seed2", "incomplete", 24], ["validated_long_seed0", "complete", 32], ["validated_long_seed1", "incomplete", 26], ["validated_long_seed2", "incomplete", 13]]
[["validated_base_seed0", "complete", 32], ["validated_base_seed1", "complete", 32], ["validated_base_seed2", "incomplete", 24], ["validated_long_seed0", "complete", 32], ["validated_long_seed1", "incomplete", 26], ["validated_long_seed2", "incomplete", 14]]
[["validated_base_seed0", "complete", 32], ["validated_base_seed1", "complete", 32], ["validated_base_seed2", "incomplete", 24], ["validated_long_seed0", "complete", 32], ["validated_long_seed1", "incomplete", 27], ["validated_long_seed2", "incomplete", 14]]
[["validated_base_seed0", "complete", 32], ["validated_base_seed1", "complete", 32], ["validated_base_seed2", "incomplete", 25], ["validated_long_seed0", "complete", 32], ["validated_long_seed1", "incomplete", 27], ["validated_long_seed2", "incomplete", 14]]
[["validated_base_seed0", "complete", 32], ["validated_base_seed1", "complete", 32], ["validated_base_seed2", "incomplete", 25], ["validated_long_seed0", "complete", 32], ["validated_long_seed1", "incomplete", 27], ["validated_long_seed2", "incomplete", 15]]
[["validated_base_seed0", "complete", 32], ["validated_base_seed1", "complete", 32], ["validated_base_seed2", "incomplete", 25], ["validated_long_seed0", "complete", 32], ["validated_long_seed1", "incomplete", 28], ["validated_long_seed2", "incomplete", 15]]
[["validated_base_seed0", "complete", 32], ["validated_base_seed1", "complete", 32], ["validated_base_seed2", "incomplete", 26], ["validated_long_seed0", "complete", 32], ["validated_long_seed1", "incomplete", 28], ["validated_long_seed2", "incomplete", 15]]
[["validated_base_seed0", "complete", 32], ["validated_base_seed1", "complete", 32], ["validated_base_seed2", "incomplete", 26], ["validated_long_seed0", "complete", 32], ["validated_long_seed1", "incomplete", 28], ["validated_long_seed2", "incomplete", 16]]
[["validated_base_seed0", "complete", 32], ["validated_base_seed1", "complete", 32], ["validated_base_seed2", "incomplete", 26], ["validated_long_seed0", "complete", 32], ["validated_long_seed1", "incomplete", 29], ["validated_long_seed2", "incomplete", 16]]
[["validated_base_seed0", "complete", 32], ["validated_base_seed1", "complete", 32], ["validated_base_seed2", "incomplete", 27], ["validated_long_seed0", "complete", 32], ["validated_long_seed1", "incomplete", 29], ["validated_long_seed2", "incomplete", 16]]
[["validated_base_seed0", "complete", 32], ["validated_base_seed1", "complete", 32], ["validated_base_seed2", "incomplete", 27], ["validated_long_seed0", "complete", 32], ["validated_long_seed1", "incomplete", 29], ["validated_long_seed2", "incomplete", 17]]
[["validated_base_seed0", "complete", 32], ["validated_base_seed1", "complete", 32], ["validated_base_seed2", "incomplete", 27], ["validated_long_seed0", "complete", 32], ["validated_long_seed1", "incomplete", 30], ["validated_long_seed2", "incomplete", 17]]
[["validated_base_seed0", "complete", 32], ["validated_base_seed1", "complete", 32], ["validated_base_seed2", "incomplete", 28], ["validated_long_seed0", "complete", 32], ["validated_long_seed1", "incomplete", 30], ["validated_long_seed2", "incomplete", 17]]
[["validated_base_seed0", "complete", 32], ["validated_base_seed1", "complete", 32], ["validated_base_seed2", "incomplete", 28], ["validated_long_seed0", "complete", 32], ["validated_long_seed1", "incomplete", 30], ["validated_long_seed2", "incomplete", 18]]
[["validated_base_seed0", "complete", 32], ["validated_base_seed1", "complete", 32], ["validated_base_seed2", "incomplete", 28], ["validated_long_seed0", "complete", 32], ["validated_long_seed1", "incomplete", 31], ["validated_long_seed2", "incomplete", 18]]
[["validated_base_seed0", "complete", 32], ["validated_base_seed1", "complete", 32], ["validated_base_seed2", "incomplete", 29], ["validated_long_seed0", "complete", 32], ["validated_long_seed1", "incomplete", 31], ["validated_long_seed2", "incomplete", 18]]
[["validated_base_seed0", "complete", 32], ["validated_base_seed1", "complete", 32], ["validated_base_seed2", "incomplete", 29], ["validated_long_seed0", "complete", 32], ["validated_long_seed1", "incomplete", 31], ["validated_long_seed2", "incomplete", 19]]
[["validated_base_seed0", "complete", 32], ["validated_base_seed1", "complete", 32], ["validated_base_seed2", "incomplete", 29], ["validated_long_seed0", "complete", 32], ["validated_long_seed1", "complete", 32], ["validated_long_seed2", "incomplete", 19]]
[["validated_base_seed0", "complete", 32], ["validated_base_seed1", "complete", 32], ["validated_base_seed2", "incomplete", 30], ["validated_long_seed0", "complete", 32], ["validated_long_seed1", "complete", 32], ["validated_long_seed2", "incomplete", 19]]
[["validated_base_seed0", "complete", 32], ["validated_base_seed1", "complete", 32], ["validated_base_seed2", "incomplete", 30], ["validated_long_seed0", "complete", 32], ["validated_long_seed1", "complete", 32], ["validated_long_seed2", "incomplete", 20]]
[["validated_base_seed0", "complete", 32], ["validated_base_seed1", "complete", 32], ["validated_base_seed2", "incomplete", 31], ["validated_long_seed0", "complete", 32], ["validated_long_seed1", "complete", 32], ["validated_long_seed2", "incomplete", 20]]
[["validated_base_seed0", "complete", 32], ["validated_base_seed1", "complete", 32], ["validated_base_seed2", "incomplete", 31], ["validated_long_seed0", "complete", 32], ["validated_long_seed1", "complete", 32], ["validated_long_seed2", "incomplete", 21]]
[["validated_base_seed0", "complete", 32], ["validated_base_seed1", "complete", 32], ["validated_base_seed2", "complete", 32], ["validated_long_seed0", "complete", 32], ["validated_long_seed1", "complete", 32], ["validated_long_seed2", "incomplete", 21]]
[["validated_base_seed0", "complete", 32], ["validated_base_seed1", "complete", 32], ["validated_base_seed2", "complete", 32], ["validated_long_seed0", "complete", 32], ["validated_long_seed1", "complete", 32], ["validated_long_seed2", "incomplete", 22]]
[["validated_base_seed0", "complete", 32], ["validated_base_seed1", "complete", 32], ["validated_base_seed2", "complete", 32], ["validated_long_seed0", "complete", 32], ["validated_long_seed1", "complete", 32], ["validated_long_seed2", "incomplete", 23]]
[["validated_base_seed0", "complete", 32], ["validated_base_seed1", "complete", 32], ["validated_base_seed2", "complete", 32], ["validated_long_seed0", "complete", 32], ["validated_long_seed1", "complete", 32], ["validated_long_seed2", "incomplete", 24]]
[["validated_base_seed0", "complete", 32], ["validated_base_seed1", "complete", 32], ["validated_base_seed2", "complete", 32], ["validated_long_seed0", "complete", 32], ["validated_long_seed1", "complete", 32], ["validated_long_seed2", "incomplete", 25]]
[["validated_base_seed0", "complete", 32], ["validated_base_seed1", "complete", 32], ["validated_base_seed2", "complete", 32], ["validated_long_seed0", "complete", 32], ["validated_long_seed1", "complete", 32], ["validated_long_seed2", "incomplete", 26]]
[["validated_base_seed0", "complete", 32], ["validated_base_seed1", "complete", 32], ["validated_base_seed2", "complete", 32], ["validated_long_seed0", "complete", 32], ["validated_long_seed1", "complete", 32], ["validated_long_seed2", "incomplete", 27]]
[["validated_base_seed0", "complete", 32], ["validated_base_seed1", "complete", 32], ["validated_base_seed2", "complete", 32], ["validated_long_seed0", "complete", 32], ["validated_long_seed1", "complete", 32], ["validated_long_seed2", "incomplete", 28]]
[["validated_base_seed0", "complete", 32], ["validated_base_seed1", "complete", 32], ["validated_base_seed2", "complete", 32], ["validated_long_seed0", "complete", 32], ["validated_long_seed1", "complete", 32], ["validated_long_seed2", "incomplete", 29]]
[["validated_base_seed0", "complete", 32], ["validated_base_seed1", "complete", 32], ["validated_base_seed2", "complete", 32], ["validated_long_seed0", "complete", 32], ["validated_long_seed1", "complete", 32], ["validated_long_seed2", "incomplete", 30]]
[["validated_base_seed0", "complete", 32], ["validated_base_seed1", "complete", 32], ["validated_base_seed2", "complete", 32], ["validated_long_seed0", "complete", 32], ["validated_long_seed1", "complete", 32], ["validated_long_seed2", "incomplete", 31]]
[["validated_base_seed0", "complete", 32], ["validated_base_seed1", "complete", 32], ["validated_base_seed2", "complete", 32], ["validated_long_seed0", "complete", 32], ["validated_long_seed1", "complete", 32], ["validated_long_seed2", "complete", 32]]
Complete paired MAE difference: +0.038121
